%!Adobe-FontList 1.20
%Locale:0x409

%BeginFont
Handler:DirectoryHandler
FontType:Invalid
OutlineFileName:/Users/markprocter/Desktop/WS RNRD booklet Folder/Document fonts/AdobeFnt21.lst
FileLength:2854
FileModTime:577809769
%EndFont

%BeginFont
Handler:DirectoryHandler
FontType:Type1
FontName:AkzidenzGroteskBE-Cn
FamilyName:Berthold Akzidenz Grotesk
StyleName:Condensed
MenuName:Akzidenz Grotesk BE Cn
StyleBits:0
WeightClass:400
WidthClass:3
AngleClass:0
FullName:Berthold Akzidenz Grotesk Condensed
WritingScript:Roman
OutlineFileName:/Users/markprocter/Desktop/WS RNRD booklet Folder/Document fonts/AkzidenzGroteskBE Cn copy.otf
DataFormat:sfntData
UsesStandardEncoding:yes
isCFF:yes
hasSVG:no
VariableFontType:NonVariableFont
FileLength:25152
FileModTime:-38916063
NameArray:0,Mac,18,Akzidenz Grotesk BE Cn
NameArray:0,Mac,4,Berthold Akzidenz Grotesk Condensed
NameArray:0,Win,1,Akzidenz Grotesk BE Cn
NameArray:0,Win,16,Berthold Akzidenz Grotesk
%EndFont

%BeginFont
Handler:DirectoryHandler
FontType:Type1
FontName:AkzidenzGroteskBE-LightCn
FamilyName:Berthold Akzidenz Grotesk
StyleName:Light Condensed
MenuName:Akzidenz Grotesk BE LightCn
StyleBits:0
WeightClass:300
WidthClass:3
AngleClass:0
FullName:Berthold Akzidenz Grotesk Light Condensed
WritingScript:Roman
OutlineFileName:/Users/markprocter/Desktop/WS RNRD booklet Folder/Document fonts/AkzidenzGroteskBE LightCn.otf
DataFormat:sfntData
UsesStandardEncoding:yes
isCFF:yes
hasSVG:no
VariableFontType:NonVariableFont
FileLength:23572
FileModTime:-38916060
NameArray:0,Mac,18,Akzidenz Grotesk BE LightCn
NameArray:0,Mac,4,Berthold Akzidenz Grotesk Light Condensed
NameArray:0,Win,1,Akzidenz Grotesk BE LightCn
NameArray:0,Win,16,Berthold Akzidenz Grotesk
%EndFont

%BeginFont
Handler:DirectoryHandler
FontType:Type1
FontName:AkzidenzGroteskBE-MdCn
FamilyName:Berthold Akzidenz Grotesk
StyleName:Medium Condensed
MenuName:Akzidenz Grotesk BE MdCn
StyleBits:0
WeightClass:500
WidthClass:3
AngleClass:0
FullName:Berthold Akzidenz Grotesk Medium Condensed
WritingScript:Roman
OutlineFileName:/Users/markprocter/Desktop/WS RNRD booklet Folder/Document fonts/AkzidenzGroteskBE MdCn.otf
DataFormat:sfntData
UsesStandardEncoding:yes
isCFF:yes
hasSVG:no
VariableFontType:NonVariableFont
FileLength:23864
FileModTime:-38916058
NameArray:0,Mac,18,Akzidenz Grotesk BE MdCn
NameArray:0,Mac,4,Berthold Akzidenz Grotesk Medium Condensed
NameArray:0,Win,1,Akzidenz Grotesk BE MdCn
NameArray:0,Win,16,Berthold Akzidenz Grotesk
%EndFont

%BeginFont
Handler:DirectoryHandler
FontType:TrueType
FontName:LazyMonk-Demo
FamilyName:Lazy Monk - Demo
StyleName:Regular
MenuName:Lazy Monk - Demo
StyleBits:0
WeightClass:400
WidthClass:5
AngleClass:0
FullName:Lazy Monk - Demo
WritingScript:Roman
OutlineFileName:/Users/markprocter/Desktop/WS RNRD booklet Folder/Document fonts/lazymonkdemo.ttf
DataFormat:sfntData
hasSVG:no
VariableFontType:NonVariableFont
FileLength:204440
FileModTime:358105804
NameArray:0,Mac,18,Lazy Monk - Demo
NameArray:0,Mac,4,Lazy Monk - Demo
NameArray:0,Win,1,Lazy Monk - Demo
%EndFont

